#-----------------------------------------------------------
# Vivado v2021.2 (64-bit)
# SW Build 3367213 on Tue Oct 19 02:48:09 MDT 2021
# IP Build 3369179 on Thu Oct 21 08:25:16 MDT 2021
# Start of session at: Mon Feb 14 13:47:56 2022
# Process ID: 12756
# Current directory: C:/Users/rferr/Desktop/Vivado Projects/Four_Bit_RCA
# Command line: vivado.exe -gui_launcher_event rodinguilauncherevent808 C:\Users\rferr\Desktop\Vivado Projects\Four_Bit_RCA\Four_Bit_RCA.xpr
# Log file: C:/Users/rferr/Desktop/Vivado Projects/Four_Bit_RCA/vivado.log
# Journal file: C:/Users/rferr/Desktop/Vivado Projects/Four_Bit_RCA\vivado.jou
# Running On: DESKTOP-HNEPMEK, OS: Windows, CPU Frequency: 3600 MHz, CPU Physical cores: 8, Host memory: 34287 MB
#-----------------------------------------------------------
start_gui
open_project {C:/Users/rferr/Desktop/Vivado Projects/Four_Bit_RCA/Four_Bit_RCA.xpr}
update_compile_order -fileset sources_1
update_compile_order -fileset sim_1
reset_run synth_1
launch_runs synth_1 -jobs 8
wait_on_run synth_1
launch_runs impl_1 -jobs 8
wait_on_run impl_1
launch_simulation
source tb_nbit_RCA.tcl
add_force {/tb_nbit_RCA/A} -radix dec {1 0ns}
add_force {/tb_nbit_RCA/B} -radix dec {1 0ns}
add_force {/tb_nbit_RCA/Cin[0]} -radix dec {0 0ns}
run 5 us
add_force {/tb_nbit_RCA/A} -radix dec {2 0ns}
add_force {/tb_nbit_RCA/B} -radix dec {-1 0ns}
run 5 us
add_force {/tb_nbit_RCA/A} -radix dec {-1 0ns}
add_force {/tb_nbit_RCA/B} -radix dec {-1 0ns}
run 5 us
add_force {/tb_nbit_RCA/Cout[2]} -radix dec {0 0ns}
run 5 us
close_sim
