#-----------------------------------------------------------
# Vivado v2021.2 (64-bit)
# SW Build 3367213 on Tue Oct 19 02:48:09 MDT 2021
# IP Build 3369179 on Thu Oct 21 08:25:16 MDT 2021
# Start of session at: Fri Feb 11 20:28:02 2022
# Process ID: 25796
# Current directory: C:/Users/rferr/Desktop/Vivado Projects/Four_Bit_RCA
# Command line: vivado.exe -gui_launcher_event rodinguilauncherevent29276 C:\Users\rferr\Desktop\Vivado Projects\Four_Bit_RCA\Four_Bit_RCA.xpr
# Log file: C:/Users/rferr/Desktop/Vivado Projects/Four_Bit_RCA/vivado.log
# Journal file: C:/Users/rferr/Desktop/Vivado Projects/Four_Bit_RCA\vivado.jou
# Running On: DESKTOP-HNEPMEK, OS: Windows, CPU Frequency: 3600 MHz, CPU Physical cores: 8, Host memory: 34287 MB
#-----------------------------------------------------------
start_gui
open_project {C:/Users/rferr/Desktop/Vivado Projects/Four_Bit_RCA/Four_Bit_RCA.xpr}
update_compile_order -fileset sources_1
launch_simulation
source n_bit_RCA.tcl
add_force {/n_bit_RCA/A} -radix bin {5 0ns}
add_force {/n_bit_RCA/A} -radix bin {001 0ns}
add_force {/n_bit_RCA/A} -radix hex {0101 0ns}
add_force {/n_bit_RCA/B} -radix hex {0001 0ns}
add_force {/n_bit_RCA/C0} -radix hex {1 0ns}
run all
run 10 us
add_force {/n_bit_RCA/A} -radix hex {0001 0ns}
run 10 us
relaunch_sim
add_force {/n_bit_RCA/A} -radix bin {0001 0ns}
add_force {/n_bit_RCA/B} -radix hex {0001 0ns}
add_force {/n_bit_RCA/C0} -radix hex {0 0ns}
run all
run 10 us
reset_run synth_1
launch_runs synth_1 -jobs 8
wait_on_run synth_1
reset_run synth_1
launch_runs synth_1 -jobs 8
wait_on_run synth_1
launch_runs impl_1 -jobs 8
wait_on_run impl_1
close_sim
launch_simulation
source n_bit_RCA.tcl
add_force {/n_bit_RCA/A} -radix bin {0001 0ns}
add_force {/n_bit_RCA/B} -radix bin {0001 0ns}
add_force {/n_bit_RCA/C0} -radix bin {0 0ns}
run 10 us
reset_run synth_1
launch_runs synth_1 -jobs 8
wait_on_run synth_1
reset_run synth_1
launch_runs synth_1 -jobs 8
wait_on_run synth_1
launch_runs impl_1 -jobs 8
wait_on_run impl_1
close_sim
launch_simulation
source n_bit_RCA.tcl
add_force {/n_bit_RCA/A} -radix bin {0001 0ns}
add_force {/n_bit_RCA/B} -radix bin {0001 0ns}
add_force {/n_bit_RCA/Cin[0]} -radix bin {0 0ns}
run 10 us
reset_run synth_1
launch_runs synth_1 -jobs 8
wait_on_run synth_1
launch_runs impl_1 -jobs 8
wait_on_run impl_1
close_sim
launch_simulation
source n_bit_RCA.tcl
add_force {/n_bit_RCA/A} -radix bin {0001 0ns}
add_force {/n_bit_RCA/B} -radix bin {0001 0ns}
add_force {/n_bit_RCA/Cin[0]} -radix hex {0 0ns}
run 10 us
run 10 us
add_force {/n_bit_RCA/A} -radix bin {0011 0ns}
run 10 us
add_force {/n_bit_RCA/Cout[3]} -radix bin {1 0ns}
run 10 us
close_sim
