#-----------------------------------------------------------
# Vivado v2021.2 (64-bit)
# SW Build 3367213 on Tue Oct 19 02:48:09 MDT 2021
# IP Build 3369179 on Thu Oct 21 08:25:16 MDT 2021
# Start of session at: Tue Feb 15 21:45:58 2022
# Process ID: 21240
# Current directory: C:/Users/Daniel/OneDrive - University of Massachusetts Dartmouth/Desktop/ECE 368 - Field Programmable Gate Arrays/n_Bit_RCA
# Command line: vivado.exe -gui_launcher_event rodinguilauncherevent10004 C:\Users\Daniel\OneDrive - University of Massachusetts Dartmouth\Desktop\ECE 368 - Field Programmable Gate Arrays\n_Bit_RCA\n_Bit_RCA.xpr
# Log file: C:/Users/Daniel/OneDrive - University of Massachusetts Dartmouth/Desktop/ECE 368 - Field Programmable Gate Arrays/n_Bit_RCA/vivado.log
# Journal file: C:/Users/Daniel/OneDrive - University of Massachusetts Dartmouth/Desktop/ECE 368 - Field Programmable Gate Arrays/n_Bit_RCA\vivado.jou
# Running On: DESKTOP-77SS1MO, OS: Windows, CPU Frequency: 4300 MHz, CPU Physical cores: 16, Host memory: 34145 MB
#-----------------------------------------------------------
start_gui
open_project {C:/Users/Daniel/OneDrive - University of Massachusetts Dartmouth/Desktop/ECE 368 - Field Programmable Gate Arrays/n_Bit_RCA/n_Bit_RCA.xpr}
update_compile_order -fileset sources_1
launch_simulation
source tb_my_Structural_nBit_RCA.tcl
close_sim
