#-----------------------------------------------------------
# Vivado v2021.2 (64-bit)
# SW Build 3367213 on Tue Oct 19 02:48:09 MDT 2021
# IP Build 3369179 on Thu Oct 21 08:25:16 MDT 2021
# Start of session at: Tue Mar 22 18:04:42 2022
# Process ID: 18172
# Current directory: C:/Users/Daniel/Desktop/ECE_368_Field_Programmable_Gate_Arrays/my_alarm_clock3/my_alarm_clock3.runs/impl_1
# Command line: vivado.exe -log my_alarm_clock.vdi -applog -product Vivado -messageDb vivado.pb -mode batch -source my_alarm_clock.tcl -notrace
# Log file: C:/Users/Daniel/Desktop/ECE_368_Field_Programmable_Gate_Arrays/my_alarm_clock3/my_alarm_clock3.runs/impl_1/my_alarm_clock.vdi
# Journal file: C:/Users/Daniel/Desktop/ECE_368_Field_Programmable_Gate_Arrays/my_alarm_clock3/my_alarm_clock3.runs/impl_1\vivado.jou
# Running On: DESKTOP-77SS1MO, OS: Windows, CPU Frequency: 4300 MHz, CPU Physical cores: 16, Host memory: 34145 MB
#-----------------------------------------------------------
source my_alarm_clock.tcl -notrace
