#-----------------------------------------------------------
# Vivado v2021.2 (64-bit)
# SW Build 3367213 on Tue Oct 19 02:48:09 MDT 2021
# IP Build 3369179 on Thu Oct 21 08:25:16 MDT 2021
# Start of session at: Fri Apr 15 20:28:29 2022
# Process ID: 13384
# Current directory: C:/Users/rferr/Desktop/Vivado_Projects/Four_Bit_ALU
# Command line: vivado.exe -gui_launcher_event rodinguilauncherevent11596 C:\Users\rferr\Desktop\Vivado_Projects\Four_Bit_ALU\Four_Bit_ALU.xpr
# Log file: C:/Users/rferr/Desktop/Vivado_Projects/Four_Bit_ALU/vivado.log
# Journal file: C:/Users/rferr/Desktop/Vivado_Projects/Four_Bit_ALU\vivado.jou
# Running On: DESKTOP-HNEPMEK, OS: Windows, CPU Frequency: 3600 MHz, CPU Physical cores: 8, Host memory: 34287 MB
#-----------------------------------------------------------
start_gui
open_project C:/Users/rferr/Desktop/Vivado_Projects/Four_Bit_ALU/Four_Bit_ALU.xpr
update_compile_order -fileset sources_1
reset_run synth_1
launch_runs synth_1 -jobs 8
wait_on_run synth_1
reset_run synth_1
launch_runs synth_1 -jobs 8
wait_on_run synth_1
reset_run synth_1
launch_runs synth_1 -jobs 8
wait_on_run synth_1
file mkdir C:/Users/rferr/Desktop/Vivado_Projects/Four_Bit_ALU/Four_Bit_ALU.srcs/sim_1/new
set_property SOURCE_SET sources_1 [get_filesets sim_1]
close [ open C:/Users/rferr/Desktop/Vivado_Projects/Four_Bit_ALU/Four_Bit_ALU.srcs/sim_1/new/tb_ALU4.vhd w ]
add_files -fileset sim_1 C:/Users/rferr/Desktop/Vivado_Projects/Four_Bit_ALU/Four_Bit_ALU.srcs/sim_1/new/tb_ALU4.vhd
update_compile_order -fileset sim_1
launch_simulation
source tb_ALU4.tcl
update_compile_order -fileset sim_1
reset_run synth_1
launch_runs synth_1 -jobs 8
wait_on_run synth_1
close_sim
launch_simulation
source tb_ALU4.tcl
close_sim
launch_simulation
source tb_ALU4.tcl
close_sim
launch_simulation
source tb_ALU4.tcl
close_sim
launch_simulation
source tb_ALU4.tcl
close_sim
launch_simulation
source tb_ALU4.tcl
reset_run synth_1
launch_runs synth_1 -jobs 8
wait_on_run synth_1
close_sim
launch_simulation
source tb_ALU4.tcl
reset_run synth_1
launch_runs synth_1 -jobs 8
wait_on_run synth_1
close_sim
launch_simulation
source tb_ALU4.tcl
close_sim
launch_simulation
source tb_ALU4.tcl
reset_run synth_1
launch_runs synth_1 -jobs 8
wait_on_run synth_1
reset_run synth_1
launch_runs synth_1 -jobs 8
wait_on_run synth_1
close_sim
launch_simulation
source tb_ALU4.tcl
